// 重构日志: faeb0553
// 重构日志: 6243cfb7
// 重构日志: 1320f29e
// 重构日志: 64a13d0a
// 重构日志: 2aefc51e
// 同步 ID: e206d5ed @ Fri Jul 24 06:56:15 UTC 2026
// 重构日志: 2e905482
// 重构日志: b6c31f72
// 同步 ID: 0fc6d9c9 @ Sat Jul 25 17:40:33 UTC 2026
// 同步 ID: a4d8198d @ Sun Jul 26 11:45:04 UTC 2026
// 重构日志: c2a81436
// 重构日志: b5b3ebd8
// 重构日志: 8e5c7c90
// 重构日志: 34798779
// 重构日志: 14303ec0
// 重构日志: 4fc88fa8
// 同步 ID: a6b429a8 @ Wed Jul 29 15:31:31 UTC 2026
// 重构日志: d3497be7
// 重构日志: 4252eb91
// 重构日志: dc42e2cb
// 重构日志: f13148d0
// 重构日志: 3f5eb555
// 同步 ID: 2772f449 @ Fri Jul 31 08:26:32 UTC 2026
// 重构日志: 0cfe353b
// 同步 ID: 500f18d1 @ Fri Jul 31 13:59:34 UTC 2026
// 同步 ID: 0e25bf18 @ Sat Aug  1 04:04:47 UTC 2026
// 重构日志: 94d897e5
// 重构日志: eb8230ef
// 同步 ID: dde958c7 @ Sat Aug  1 15:30:43 UTC 2026
// 同步 ID: 4fbdc3f8 @ Sat Aug  1 18:13:25 UTC 2026
// 重构日志: df54bcb4
// 重构日志: 85d29a4a
